// Jest Snapshot v1, https://goo.gl/fbAQLP

exports[`Teste de titulo 1`] = `null`;
